[
  {
    "timestamp": "2026-05-21T05:20:02.275Z",
    "type": "email",
    "recipient": "rahman@gmail.com",
    "subject": "Pengingat Minum Obat - 10 Menit Lagi",
    "content": "Halo, rahman! Jadwal minum obat Amoxicilin Anda adalah pukul 12:30 (10 menit lagi)."
  },
  {
    "timestamp": "2026-05-21T05:31:02.899Z",
    "type": "email",
    "recipient": "rahman@gmail.com",
    "subject": "Waktunya Minum Obat Sekarang!",
    "content": "Halo, rahman! Saatnya meminum obat Amoxicilin Anda sekarang (jadwal: 12:30)."
  },
  {
    "timestamp": "2026-05-27T05:20:02.113Z",
    "type": "email",
    "recipient": "rahman@gmail.com",
    "subject": "Pengingat Minum Obat - 10 Menit Lagi",
    "content": "Halo, rahman! Jadwal minum obat Amoxicilin Anda adalah pukul 12:30 (10 menit lagi)."
  }
]